#-----------------------------------------------------------
# Vivado v2021.2 (64-bit)
# SW Build 3367213 on Tue Oct 19 02:47:39 MDT 2021
# IP Build 3369179 on Thu Oct 21 08:25:16 MDT 2021
# Start of session at: Fri Feb 20 03:08:49 2026
# Process ID: 3438406
# Current directory: /u/halle/dwe/home_at/Desktop/Test
# Command line: vivado Test.xpr
# Log file: /u/halle/dwe/home_at/Desktop/Test/vivado.log
# Journal file: /u/halle/dwe/home_at/Desktop/Test/vivado.jou
# Running On: halle.cli.ito.cit.tum.de, OS: Linux, CPU Frequency: 3749.818 MHz, CPU Physical cores: 32, Host memory: 810729 MB
#-----------------------------------------------------------
start_gui
open_project Test.xpr
update_compile_order -fileset sources_1
open_bd_design {/u/halle/dwe/home_at/Desktop/Test/Test.srcs/sources_1/bd/design_1/design_1.bd}
ipx::edit_ip_in_project -upgrade true -name rv_pl_v1_0_project -directory /u/halle/dwe/home_at/Desktop/Test/Test.tmp/rv_pl_v1_0_project /u/halle/dwe/home_at/Desktop/Test/Test.srcs/sources_1/imports/riscv-single/component.xml
update_compile_order -fileset sources_1
update_compile_order -fileset sim_1
ipx::add_bus_interface M_INST_AXI [ipx::current_core]
set_property abstraction_type_vlnv xilinx.com:interface:aximm_rtl:1.0 [ipx::get_bus_interfaces M_INST_AXI -of_objects [ipx::current_core]]
set_property bus_type_vlnv xilinx.com:interface:aximm:1.0 [ipx::get_bus_interfaces M_INST_AXI -of_objects [ipx::current_core]]
set_property interface_mode master [ipx::get_bus_interfaces M_INST_AXI -of_objects [ipx::current_core]]
ipx::add_bus_parameter NUM_READ_OUTSTANDING [ipx::get_bus_interfaces M_INST_AXI -of_objects [ipx::current_core]]
ipx::add_bus_parameter NUM_WRITE_OUTSTANDING [ipx::get_bus_interfaces M_INST_AXI -of_objects [ipx::current_core]]
ipx::add_port_map ARADDR [ipx::get_bus_interfaces M_INST_AXI -of_objects [ipx::current_core]]
set_property physical_name inst_addr [ipx::get_port_maps ARADDR -of_objects [ipx::get_bus_interfaces M_INST_AXI -of_objects [ipx::current_core]]]
ipx::add_port_map RDATA [ipx::get_bus_interfaces M_INST_AXI -of_objects [ipx::current_core]]
set_property physical_name inst_rdata [ipx::get_port_maps RDATA -of_objects [ipx::get_bus_interfaces M_INST_AXI -of_objects [ipx::current_core]]]
